// Jest Snapshot v1, https://goo.gl/fbAQLP

exports[`matches snapshot 1`] = `
<DocumentFragment>
  <div
    class="CoinFlipper"
  >
    <h2>
      Flip a coin
    </h2>
    <div
      class="coinContainer"
    />
    <button>
      Flip the coin!
    </button>
    <p>
      Out of 0 flips, there have been 0 heads and 0 tails.
    </p>
  </div>
</DocumentFragment>
`;
