// Jest Snapshot v1, https://goo.gl/fbAQLP

exports[`matches snapshot 1`] = `
<DocumentFragment>
  <img
    src="tails.png"
  />
</DocumentFragment>
`;
